------------------------------------------------------------
1) OOXML 스키마 (요소 순서 · 중복 id)
검사한 XML 파트: 65개
✅ 요소 순서 위반 없음
✅ shape id 중복 없음
------------------------------------------------------------
2) 좌표가 정수 EMU 인가
   좌표 3416개 중 소수 0개
------------------------------------------------------------
3) 줄바꿈이 <a:br/> 인가 (a:t 안 날 개행 금지)
   a:t 안 날 개행 0개
------------------------------------------------------------
4) 레이아웃 (경계 이탈 · 넘침 · 겹침)
슬라이드 46장 검사

✅ 슬라이드 경계 이탈: 0건

✅ 세로 넘침(아래 도형을 덮을 수 있음): 0건

✅ 가로 넘침(라벨이 도형 밖으로): 0건

✅ 글자 있는 도형끼리 겹침: 0건

✅ 도해 안 글자가 슬라이드 글자와 중복: 0건

✅ 도해 라벨이 상자를 넘거나 꽉 참 (L-33): 0건

✅ 도해 글자가 이웃 도형을 침범 (L-33): 0건

✅ 화살표·화살촉이 나중 도형에 덮임 (L-35): 0건

✅ 도해 글자가 도형 테두리에 붙음 (L-40, 가로 틈 <0.06in, 세로 <0.02in): 0건

✅ 같은 유형인데 글자 크기가 제각각 (L-47): 0건

✅ 제목이 의문형 (L-46): 0건

✅ 표 아래 '핵심' 콜아웃 (L-42): 0건

✅ 도해에 긴 문장이 여럿 — 표로 옮겨라 (L-41): 0건

✅ 상자 오른쪽 빈 폭 과다 (L-36): 0건

✅ 가운뎃점 '·' 사용 (L-37): 0건

✅ 순번 라벨이 읽기 순서 역행 (L-34): 0건

✅ 색 계열 과다 — 무채 제외 3군 이상 (L-32): 0건

✅ 도해 머리글이 SVG 안에 있음 (L-31): 0건

✅ 도해 머리글 크기가 14pt 아님 (L-31): 0건

✅ 도해 머리글 번호 중복 (L-31): 0건

✅ 도해 글머리 크기가 12pt 아님 (L-30): 0건

✅ 도해 축척 불일치(폭 편차 >3%) (L-30): 0건

✅ 제목·도해 머리글의 '— 덧붙임' 꼴 (L-26): 0건

✅ 마지막 슬라이드가 요약·정리 (L-28): 0건

✅ 도해 주변 간격 범위 밖 (L-25, 0.18~0.45in): 0건

✅ 도해가 글 상자 나열(장문 라벨 ≥75% · 비글자 도형 부족): 0건

✅ 레이아웃 문제 없음
------------------------------------------------------------
5) 그림 종횡비 왜곡
   그림 0개 중 왜곡 0개
------------------------------------------------------------
6) 네이티브 도해 그룹 (경계가 그림에 맞는가)
   그룹 6개 · 자식 도형 543개 · 경계 어긋남 0개
------------------------------------------------------------
✅ 전부 통과 — 내도 좋다
