test result: ok. 1 passed; 0 failed; 0 ignored | hal=0 ulp=0  | vector_engine::normal::test_ve_elementwise_full_pipeline
test result: ok. 1 passed; 0 failed; 0 ignored | hal=0 ulp=0  | vector_engine::normal::test_ve_elementwise_fxp_const
test result: ok. 1 passed; 0 failed; 0 ignored | hal=0 ulp=0  | vector_engine::normal::test_ve_elementwise_logic
test result: ok. 1 passed; 0 failed; 0 ignored | hal=0 ulp=0  | vector_engine::normal::test_ve_elementwise_multi_vrf
test result: ok. 1 passed; 0 failed; 0 ignored | hal=0 ulp=0  | vector_engine::normal::test_ve_elementwise_stash_f32
test result: ok. 1 passed; 0 failed; 0 ignored | hal=0 ulp=0  | vector_engine::normal::test_ve_elementwise_stash_i32
test result: ok. 1 passed; 0 failed; 0 ignored | hal=0 ulp=0  | vector_engine::normal::test_ve_elementwise_ternary
test result: ok. 1 passed; 0 failed; 0 ignored | hal=0 ulp=0  | vector_engine::normal::test_ve_elementwise_ternary_stash
test result: ok. 0 passed; 0 failed; 1 ignored | hal=0 ulp=0  | vector_engine::normal::test_ve_elementwise_vrf
test result: FAILED. 0 passed; 1 failed; 0 ignored | hal=1 ulp=0  | vector_engine::normal::test_ve_stash_fp_fp
test result: ok. 1 passed; 0 failed; 0 ignored | hal=0 ulp=0  | vector_engine::normal::test_ve_stash_fp_fxp
test result: ok. 1 passed; 0 failed; 0 ignored | hal=0 ulp=0  | vector_engine::normal::test_ve_stash_fxp_fp
test result: ok. 1 passed; 0 failed; 0 ignored | hal=0 ulp=0  | vector_engine::normal::test_ve_stash_fxp_fxp
test result: ok. 1 passed; 0 failed; 0 ignored | hal=0 ulp=0  | vector_engine::reduce::test_ve_inter_slice_reduce_add_f32
test result: ok. 1 passed; 0 failed; 0 ignored | hal=0 ulp=0  | vector_engine::reduce::test_ve_inter_slice_reduce_add_sat_i32
test result: ok. 1 passed; 0 failed; 0 ignored | hal=0 ulp=0  | vector_engine::reduce::test_ve_inter_slice_reduce_max_i32
test result: ok. 1 passed; 0 failed; 0 ignored | hal=0 ulp=0  | vector_engine::reduce::test_ve_intra_slice_reduce_add_f32
test result: ok. 1 passed; 0 failed; 0 ignored | hal=0 ulp=0  | vector_engine::reduce::test_ve_intra_slice_reduce_add_fxp_sat
test result: ok. 1 passed; 0 failed; 0 ignored | hal=0 ulp=0  | vector_engine::reduce::test_ve_intra_slice_reduce_max_f32
test result: ok. 1 passed; 0 failed; 0 ignored | hal=0 ulp=0  | vector_engine::reduce::test_ve_intra_slice_reduce_max_i32
test result: ok. 1 passed; 0 failed; 0 ignored | hal=0 ulp=0  | vector_engine::reduce::test_ve_intra_slice_reduce_min_f32
test result: ok. 1 passed; 0 failed; 0 ignored | hal=0 ulp=0  | vector_engine::reduce::test_ve_intra_slice_reduce_min_i32
test result: FAILED. 0 passed; 1 failed; 0 ignored | hal=0 ulp=1  | vector_engine::reduce::test_ve_intra_slice_reduce_split_time_packet
test result: ok. 1 passed; 0 failed; 0 ignored | hal=0 ulp=0  | vector_engine::reduce::test_ve_vru_then_vau_i32
test result: ok. 1 passed; 0 failed; 0 ignored | hal=0 ulp=0  | vector_engine::zip::test_ve_group_pair_add
test result: ok. 1 passed; 0 failed; 0 ignored | hal=0 ulp=0  | vector_engine::zip::test_ve_group_pair_chain
test result: ok. 1 passed; 0 failed; 0 ignored | hal=0 ulp=0  | vector_engine::zip::test_ve_group_pair_fp
test result: ok. 1 passed; 0 failed; 0 ignored | hal=0 ulp=0  | vector_engine::zip::test_ve_group_pair_fxp
test result: ok. 1 passed; 0 failed; 0 ignored | hal=0 ulp=0  | vector_engine::zip::test_ve_group_pair_logic
test result: ok. 1 passed; 0 failed; 0 ignored | hal=0 ulp=0  | vector_engine::zip::test_ve_group_pair_preprocess_both
test result: ok. 1 passed; 0 failed; 0 ignored | hal=0 ulp=0  | vector_engine::zip::test_ve_group_pair_preprocess_g0
test result: ok. 1 passed; 0 failed; 0 ignored | hal=0 ulp=0  | vector_engine::zip::test_ve_group_pair_preprocess_g1
test result: ok. 1 passed; 0 failed; 0 ignored | hal=0 ulp=0  | vector_engine::zip::test_ve_group_pair_ternary
test result: FAILED. 0 passed; 1 failed; 0 ignored | hal=0 ulp=1  | vector_engine::zip::test_ve_group_pair_ternary_selective
test result: ok. 1 passed; 0 failed; 0 ignored | hal=0 ulp=0  | vector_engine::zip::test_ve_group_pair_unary
test result: ok. 1 passed; 0 failed; 0 ignored | hal=0 ulp=0  | vector_engine::zip::test_ve_group_pair_unary_selective
